2026-10-04 13:29:38,190 - [LAB2-START]
2026-10-04 13:29:38,191 - [STEP 2] Dev Container Started
2026-10-04 13:30:34,475 - [CREDENTIALS_COLLECTED]
2026-10-04 14:30:13,686 - [LAB2-START]
2026-10-04 14:30:13,686 - [STEP 2] Dev Container Started
2026-10-04 14:30:47,743 - [CREDENTIALS_COLLECTED]
2026-10-04 14:30:55,639 - [LAB2-START]
2026-10-04 14:30:55,640 - [STEP 2] Dev Container Started
2026-10-04 14:31:31,409 - [CREDENTIALS_COLLECTED]
2026-10-04 14:31:31,642 - Connected (version 2.0, client Cisco-1.25)
2026-10-04 14:31:34,573 - Authentication (password) failed.
2026-10-04 14:33:04,925 - [LAB2-START]
2026-10-04 14:33:04,926 - [STEP 2] Dev Container Started
2026-10-04 14:33:26,458 - [CREDENTIALS_COLLECTED]
2026-10-04 14:33:26,653 - Connected (version 2.0, client Cisco-1.25)
2026-10-04 14:33:27,542 - Authentication (password) successful!
2026-10-04 14:33:28,510 - [CONNECT_OK]
2026-10-04 14:33:29,069 - [CMD_RUN:show version]
2026-10-04 14:33:29,264 - [PARSE_OK:show version]
2026-10-04 14:33:29,846 - [CMD_RUN:show ip interface brief]
2026-10-04 14:33:29,856 - [PARSE_OK:show ip interface brief]
2026-10-04 14:33:30,376 - [CMD_RUN:show inventory]
2026-10-04 14:33:30,390 - [PARSE_OK:show inventory]
2026-10-04 14:33:30,391 - [REPORT_SAVED]
2026-10-04 14:33:30,487 - [LAB2-END]
